Initialized native services in: /Users/miyabi/.gradle/native
Initialized jansi services in: /Users/miyabi/.gradle/native
Received JVM installation metadata from '/Users/miyabi/.sdkman/candidates/java/17.0.10-tem': {JAVA_HOME=/Users/miyabi/.sdkman/candidates/java/17.0.10-tem, JAVA_VERSION=17.0.10, JAVA_VENDOR=Eclipse Adoptium, RUNTIME_NAME=OpenJDK Runtime Environment, RUNTIME_VERSION=17.0.10+7, VM_NAME=OpenJDK 64-Bit Server VM, VM_VERSION=17.0.10+7, VM_VENDOR=Eclipse Adoptium, OS_ARCH=aarch64}
Found daemon DaemonInfo{pid=92054, address=[6af4779d-2856-429d-8bef-b328a815cb50 port:59022, addresses:[/127.0.0.1]], state=Idle, lastBusy=1757747875644, context=DefaultDaemonContext[uid=fd95d837-5e44-4274-8340-873cb6e5e57d,javaHome=/Library/Java/JavaVirtualMachines/jdk-24.jdk/Contents/Home,daemonRegistryDir=/Users/miyabi/.gradle/daemon,pid=92054,idleTimeout=10800000,priority=NORMAL,applyInstrumentationAgent=true,daemonOpts=--add-opens=java.base/java.util=ALL-UNNAMED,--add-opens=java.base/java.lang=ALL-UNNAMED,--add-opens=java.base/java.lang.invoke=ALL-UNNAMED,--add-opens=java.prefs/java.util.prefs=ALL-UNNAMED,--add-opens=java.base/java.nio.charset=ALL-UNNAMED,--add-opens=java.base/java.net=ALL-UNNAMED,--add-opens=java.base/java.util.concurrent.atomic=ALL-UNNAMED,-XX:MaxMetaspaceSize=384m,-XX:+HeapDumpOnOutOfMemoryError,-Xms256m,-Xmx512m,-Dfile.encoding=UTF-8,-Duser.country=JP,-Duser.language=ja,-Duser.variant]} however its context does not match the desired criteria.
Java home is different.
Wanted: DefaultDaemonContext[uid=null,javaHome=/Users/miyabi/.sdkman/candidates/java/17.0.10-tem,daemonRegistryDir=/Users/miyabi/.gradle/daemon,pid=93042,idleTimeout=null,priority=NORMAL,applyInstrumentationAgent=true,daemonOpts=--add-opens=java.base/java.util=ALL-UNNAMED,--add-opens=java.base/java.lang=ALL-UNNAMED,--add-opens=java.base/java.lang.invoke=ALL-UNNAMED,--add-opens=java.prefs/java.util.prefs=ALL-UNNAMED,--add-opens=java.base/java.nio.charset=ALL-UNNAMED,--add-opens=java.base/java.net=ALL-UNNAMED,--add-opens=java.base/java.util.concurrent.atomic=ALL-UNNAMED,-XX:MaxMetaspaceSize=384m,-XX:+HeapDumpOnOutOfMemoryError,-Xms256m,-Xmx512m,-Dfile.encoding=UTF-8,-Duser.country=JP,-Duser.language=ja,-Duser.variant]
Actual: DefaultDaemonContext[uid=fd95d837-5e44-4274-8340-873cb6e5e57d,javaHome=/Library/Java/JavaVirtualMachines/jdk-24.jdk/Contents/Home,daemonRegistryDir=/Users/miyabi/.gradle/daemon,pid=92054,idleTimeout=10800000,priority=NORMAL,applyInstrumentationAgent=true,daemonOpts=--add-opens=java.base/java.util=ALL-UNNAMED,--add-opens=java.base/java.lang=ALL-UNNAMED,--add-opens=java.base/java.lang.invoke=ALL-UNNAMED,--add-opens=java.prefs/java.util.prefs=ALL-UNNAMED,--add-opens=java.base/java.nio.charset=ALL-UNNAMED,--add-opens=java.base/java.net=ALL-UNNAMED,--add-opens=java.base/java.util.concurrent.atomic=ALL-UNNAMED,-XX:MaxMetaspaceSize=384m,-XX:+HeapDumpOnOutOfMemoryError,-Xms256m,-Xmx512m,-Dfile.encoding=UTF-8,-Duser.country=JP,-Duser.language=ja,-Duser.variant]

  Looking for a different daemon...
Removing 0 daemon stop events from registry
Previous Daemon (1830) stopped at Sat Sep 13 16:00:54 JST 2025 stop command received
Previous Daemon (87769) stopped at Sat Sep 13 16:00:54 JST 2025 stop command received
Previous Daemon (90428) stopped at Sat Sep 13 16:08:13 JST 2025 stop command received
Previous Daemon (91291) stopped at Sat Sep 13 16:16:16 JST 2025 stop command received
Previous Daemon (91868) stopped at Sat Sep 13 16:16:16 JST 2025 stop command received
Previous Daemon (12511) stopped at Sat Sep 13 16:00:54 JST 2025 by user or operating system
Starting a Gradle Daemon, 1 incompatible and 6 stopped Daemons could not be reused, use --status for details
Starting process 'Gradle build daemon'. Working directory: /Users/miyabi/.gradle/daemon/8.7 Command: /Users/miyabi/.sdkman/candidates/java/17.0.10-tem/bin/java --add-opens=java.base/java.util=ALL-UNNAMED --add-opens=java.base/java.lang=ALL-UNNAMED --add-opens=java.base/java.lang.invoke=ALL-UNNAMED --add-opens=java.prefs/java.util.prefs=ALL-UNNAMED --add-opens=java.base/java.nio.charset=ALL-UNNAMED --add-opens=java.base/java.net=ALL-UNNAMED --add-opens=java.base/java.util.concurrent.atomic=ALL-UNNAMED -XX:MaxMetaspaceSize=384m -XX:+HeapDumpOnOutOfMemoryError -Xms256m -Xmx512m -Dfile.encoding=UTF-8 -Duser.country=JP -Duser.language=ja -Duser.variant -cp /Users/miyabi/.gradle/wrapper/dists/gradle-8.7-bin/bhs2wmbdwecv87pi65oeuq5iu/gradle-8.7/lib/gradle-launcher-8.7.jar -javaagent:/Users/miyabi/.gradle/wrapper/dists/gradle-8.7-bin/bhs2wmbdwecv87pi65oeuq5iu/gradle-8.7/lib/agents/gradle-instrumentation-agent-8.7.jar org.gradle.launcher.daemon.bootstrap.GradleDaemon 8.7
Successfully started process 'Gradle build daemon'
An attempt to start the daemon took 0.392 secs.
The client will now receive all logging from the daemon (pid: 93053). The daemon log file: /Users/miyabi/.gradle/daemon/8.7/daemon-93053.out.log
Starting build in new daemon [memory: 512 MiB]
Using 8 worker leases.
Received JVM installation metadata from '/Users/miyabi/.sdkman/candidates/java/17.0.10-tem': {JAVA_HOME=/Users/miyabi/.sdkman/candidates/java/17.0.10-tem, JAVA_VERSION=17.0.10, JAVA_VENDOR=Eclipse Adoptium, RUNTIME_NAME=OpenJDK Runtime Environment, RUNTIME_VERSION=17.0.10+7, VM_NAME=OpenJDK 64-Bit Server VM, VM_VERSION=17.0.10+7, VM_VENDOR=Eclipse Adoptium, OS_ARCH=aarch64}
Watching the file system is configured to be enabled if available
Now considering [/Users/miyabi/academy-springboot-base] as hierarchies to watch
File system watching is active
Starting Build
Settings evaluated using settings file '/Users/miyabi/academy-springboot-base/settings.gradle'.
Projects loaded. Root project using build file '/Users/miyabi/academy-springboot-base/build.gradle'.
Included projects: [root project 'springboot-application']

> Configure project :
Evaluating root project 'springboot-application' using build file '/Users/miyabi/academy-springboot-base/build.gradle'.
Transforming spring-boot-gradle-plugin-3.2.4.jar (org.springframework.boot:spring-boot-gradle-plugin:3.2.4) with ExternalDependencyInstrumentingArtifactTransform
Transforming dependency-management-plugin-1.1.4.jar (io.spring.gradle:dependency-management-plugin:1.1.4) with ExternalDependencyInstrumentingArtifactTransform
Transforming spring-boot-buildpack-platform-3.2.4.jar (org.springframework.boot:spring-boot-buildpack-platform:3.2.4) with ExternalDependencyInstrumentingArtifactTransform
Transforming spring-boot-loader-tools-3.2.4.jar (org.springframework.boot:spring-boot-loader-tools:3.2.4) with ExternalDependencyInstrumentingArtifactTransform
Transforming commons-compress-1.21.jar (org.apache.commons:commons-compress:1.21) with ExternalDependencyInstrumentingArtifactTransform
Transforming spring-core-6.0.10.jar (org.springframework:spring-core:6.0.10) with ExternalDependencyInstrumentingArtifactTransform
Transforming jackson-annotations-2.14.2.jar (com.fasterxml.jackson.core:jackson-annotations:2.14.2) with ExternalDependencyInstrumentingArtifactTransform
Transforming jackson-core-2.14.2.jar (com.fasterxml.jackson.core:jackson-core:2.14.2) with ExternalDependencyInstrumentingArtifactTransform
Transforming jackson-module-parameter-names-2.14.2.jar (com.fasterxml.jackson.module:jackson-module-parameter-names:2.14.2) with ExternalDependencyInstrumentingArtifactTransform
Transforming jackson-databind-2.14.2.jar (com.fasterxml.jackson.core:jackson-databind:2.14.2) with ExternalDependencyInstrumentingArtifactTransform
Transforming jna-platform-5.13.0.jar (net.java.dev.jna:jna-platform:5.13.0) with ExternalDependencyInstrumentingArtifactTransform
Transforming httpclient5-5.2.3.jar (org.apache.httpcomponents.client5:httpclient5:5.2.3) with ExternalDependencyInstrumentingArtifactTransform
Transforming tomlj-1.0.0.jar (org.tomlj:tomlj:1.0.0) with ExternalDependencyInstrumentingArtifactTransform
Transforming spring-jcl-6.0.10.jar (org.springframework:spring-jcl:6.0.10) with ExternalDependencyInstrumentingArtifactTransform
Transforming jna-5.13.0.jar (net.java.dev.jna:jna:5.13.0) with ExternalDependencyInstrumentingArtifactTransform
Transforming httpcore5-h2-5.2.4.jar (org.apache.httpcomponents.core5:httpcore5-h2:5.2.4) with ExternalDependencyInstrumentingArtifactTransform
Transforming httpcore5-5.2.4.jar (org.apache.httpcomponents.core5:httpcore5:5.2.4) with ExternalDependencyInstrumentingArtifactTransform
Transforming slf4j-api-1.7.36.jar (org.slf4j:slf4j-api:1.7.36) with ExternalDependencyInstrumentingArtifactTransform
Transforming antlr4-runtime-4.7.2.jar (org.antlr:antlr4-runtime:4.7.2) with ExternalDependencyInstrumentingArtifactTransform
Transforming jsr305-3.0.2.jar (com.google.code.findbugs:jsr305:3.0.2) with ExternalDependencyInstrumentingArtifactTransform
Applying dependency management to configuration 'annotationProcessor' in project 'springboot-application'
Applying dependency management to configuration 'apiElements' in project 'springboot-application'
Applying dependency management to configuration 'archives' in project 'springboot-application'
Applying dependency management to configuration 'bootArchives' in project 'springboot-application'
Applying dependency management to configuration 'compileClasspath' in project 'springboot-application'
Applying dependency management to configuration 'compileOnly' in project 'springboot-application'
Applying dependency management to configuration 'default' in project 'springboot-application'
Applying dependency management to configuration 'developmentOnly' in project 'springboot-application'
Applying dependency management to configuration 'implementation' in project 'springboot-application'
Applying dependency management to configuration 'mainSourceElements' in project 'springboot-application'
Applying dependency management to configuration 'productionRuntimeClasspath' in project 'springboot-application'
Applying dependency management to configuration 'runtimeClasspath' in project 'springboot-application'
Applying dependency management to configuration 'runtimeElements' in project 'springboot-application'
Applying dependency management to configuration 'runtimeOnly' in project 'springboot-application'
Applying dependency management to configuration 'testAndDevelopmentOnly' in project 'springboot-application'
Applying dependency management to configuration 'testAnnotationProcessor' in project 'springboot-application'
Applying dependency management to configuration 'testCompileClasspath' in project 'springboot-application'
Applying dependency management to configuration 'testCompileOnly' in project 'springboot-application'
Applying dependency management to configuration 'testImplementation' in project 'springboot-application'
Applying dependency management to configuration 'testResultsElementsForTest' in project 'springboot-application'
Applying dependency management to configuration 'testRuntimeClasspath' in project 'springboot-application'
Applying dependency management to configuration 'testRuntimeOnly' in project 'springboot-application'
All projects evaluated.
Task name matched 'bootRun'
Selected primary task 'bootRun' from project :
Starting process 'command '/usr/libexec/java_home''. Working directory: /Users/miyabi/.gradle/daemon/8.7 Command: /usr/libexec/java_home -V
Successfully started process 'command '/usr/libexec/java_home''
Starting process 'command '/Library/Java/JavaVirtualMachines/jdk-24.jdk/Contents/Home/bin/java''. Working directory: /Users/miyabi/.gradle/.tmp/tmp-jvm14157189979182540100probe Command: /Library/Java/JavaVirtualMachines/jdk-24.jdk/Contents/Home/bin/java -Xmx32m -Xms32m -cp . JavaProbe
Successfully started process 'command '/Library/Java/JavaVirtualMachines/jdk-24.jdk/Contents/Home/bin/java''
Received JVM installation metadata from '/Library/Java/JavaVirtualMachines/jdk-24.jdk/Contents/Home': {JAVA_HOME=/Library/Java/JavaVirtualMachines/jdk-24.jdk/Contents/Home, JAVA_VERSION=24.0.1, JAVA_VENDOR=Oracle Corporation, RUNTIME_NAME=Java(TM) SE Runtime Environment, RUNTIME_VERSION=24.0.1+9-30, VM_NAME=Java HotSpot(TM) 64-Bit Server VM, VM_VERSION=24.0.1+9-30, VM_VENDOR=Oracle Corporation, OS_ARCH=aarch64}
Tasks to be executed: [task ':compileJava', task ':processResources', task ':classes', task ':resolveMainClassName', task ':bootRun']
Tasks that were excluded: []
Resolve mutations for :compileJava (Thread[Execution worker Thread 2,5,main]) started.
:compileJava (Thread[Execution worker Thread 2,5,main]) started.

> Task :compileJava UP-TO-DATE
Resolving global dependency management for project 'springboot-application'
Excluding []
Excluding []
Custom actions are attached to task ':compileJava'.
Caching disabled for task ':compileJava' because:
  Build cache is disabled
Skipping task ':compileJava' as it is up-to-date.
Resolve mutations for :processResources (Thread[Execution worker Thread 2,5,main]) started.
:processResources (Thread[Execution worker Thread 2,5,main]) started.

> Task :processResources UP-TO-DATE
Caching disabled for task ':processResources' because:
  Build cache is disabled
  Not worth caching
Skipping task ':processResources' as it is up-to-date.
Resolve mutations for :classes (Thread[Execution worker Thread 2,5,main]) started.
:classes (Thread[Execution worker Thread 2,5,main]) started.

> Task :classes UP-TO-DATE
Skipping task ':classes' as it has no actions.
Resolve mutations for :resolveMainClassName (Thread[Execution worker Thread 2,5,main]) started.
:resolveMainClassName (Thread[Execution worker Thread 2,5,main]) started.

> Task :resolveMainClassName UP-TO-DATE
Caching disabled for task ':resolveMainClassName' because:
  Build cache is disabled
  Not worth caching
Skipping task ':resolveMainClassName' as it is up-to-date.
Resolve mutations for :bootRun (Thread[Execution worker Thread 2,5,main]) started.
:bootRun (Thread[Execution worker Thread 2,5,main]) started.

> Task :bootRun
Excluding []
Caching disabled for task ':bootRun' because:
  Build cache is disabled
Task ':bootRun' is not up-to-date because:
  Task has not declared any outputs despite executing actions.
Starting process 'command '/Users/miyabi/.sdkman/candidates/java/17.0.10-tem/bin/java''. Working directory: /Users/miyabi/academy-springboot-base Command: /Users/miyabi/.sdkman/candidates/java/17.0.10-tem/bin/java -Dfile.separator=/ -Dftp.nonProxyHosts=local|*.local|169.254/16|*.169.254/16 -Dhttp.nonProxyHosts=local|*.local|169.254/16|*.169.254/16 -Djava.class.path=/Users/miyabi/.gradle/wrapper/dists/gradle-8.7-bin/bhs2wmbdwecv87pi65oeuq5iu/gradle-8.7/lib/gradle-launcher-8.7.jar -Djava.class.version=61.0 -Djava.home=/Users/miyabi/.sdkman/candidates/java/17.0.10-tem -Djava.library.path=/Users/miyabi/Library/Java/Extensions:/Library/Java/Extensions:/Network/Library/Java/Extensions:/System/Library/Java/Extensions:/usr/lib/java:. -Djava.runtime.name=OpenJDK Runtime Environment -Djava.runtime.version=17.0.10+7 -Djava.specification.name=Java Platform API Specification -Djava.specification.vendor=Oracle Corporation -Djava.specification.version=17 -Djava.vendor=Eclipse Adoptium -Djava.vendor.url=https://adoptium.net/ -Djava.vendor.url.bug=https://github.com/adoptium/adoptium-support/issues -Djava.vendor.version=Temurin-17.0.10+7 -Djava.version=17.0.10 -Djava.version.date=2024-01-16 -Djava.vm.compressedOopsMode=Zero based -Djava.vm.info=mixed mode -Djava.vm.name=OpenJDK 64-Bit Server VM -Djava.vm.specification.name=Java Virtual Machine Specification -Djava.vm.specification.vendor=Oracle Corporation -Djava.vm.specification.version=17 -Djava.vm.vendor=Eclipse Adoptium -Djava.vm.version=17.0.10+7 -Djdk.debug=release -Dlibrary.jansi.path=/Users/miyabi/.gradle/native/jansi/1.18/osx -Dline.separator=
 -Dnative.encoding=UTF-8 -Dorg.gradle.appname=gradlew -Dos.arch=aarch64 -Dos.name=Mac OS X -Dos.version=15.6.1 -Dpath.separator=: -DsocksNonProxyHosts=local|*.local|169.254/16|*.169.254/16 -Dsun.arch.data.model=64 -Dsun.boot.library.path=/Users/miyabi/.sdkman/candidates/java/17.0.10-tem/lib -Dsun.cpu.endian=little -Dsun.io.unicode.encoding=UnicodeBig -Dsun.java.command=org.gradle.launcher.daemon.bootstrap.GradleDaemon 8.7 -Dsun.java.launcher=SUN_STANDARD -Dsun.jnu.encoding=UTF-8 -Dsun.management.compiler=HotSpot 64-Bit Tiered Compilers -Duser.dir=/Users/miyabi/academy-springboot-base -Duser.home=/Users/miyabi -Duser.name=miyabi -Duser.timezone=Asia/Tokyo -XX:TieredStopAtLevel=1 -Dfile.encoding=UTF-8 -Djava.io.tmpdir=/var/folders/jt/rbf0ky817y932th0zb2_7f500000gn/T/ -Duser.country=JP -Duser.language=ja -Duser.variant -cp /Users/miyabi/academy-springboot-base/build/classes/java/main:/Users/miyabi/academy-springboot-base/build/resources/main:/Users/miyabi/.gradle/caches/modules-2/files-2.1/org.springframework.boot/spring-boot-devtools/3.2.4/ccd261700a4ff8e8f629a4d267f0b4f53ca17897/spring-boot-devtools-3.2.4.jar:/Users/miyabi/.gradle/caches/modules-2/files-2.1/org.flywaydb/flyway-core/9.22.3/76519923a547892f0108b99d1e7b06dcb4727ecd/flyway-core-9.22.3.jar:/Users/miyabi/.gradle/caches/modules-2/files-2.1/org.mybatis.spring.boot/mybatis-spring-boot-starter/3.0.3/19528356bf8bad2be5f8bf796dfc30bcc4996054/mybatis-spring-boot-starter-3.0.3.jar:/Users/miyabi/.gradle/caches/modules-2/files-2.1/org.postgresql/postgresql/42.6.2/18c33c28326b2f81480833291b81f5eca080ab3c/postgresql-42.6.2.jar:/Users/miyabi/.gradle/caches/modules-2/files-2.1/org.mybatis.spring.boot/mybatis-spring-boot-autoconfigure/3.0.3/b73a2effa4f60a2eeca98aa12ea3437faede0f73/mybatis-spring-boot-autoconfigure-3.0.3.jar:/Users/miyabi/.gradle/caches/modules-2/files-2.1/org.springframework.boot/spring-boot-autoconfigure/3.2.4/b3f481aff8f0775f44d78399c804a8c52d75b971/spring-boot-autoconfigure-3.2.4.jar:/Users/miyabi/.gradle/caches/modules-2/files-2.1/org.springframework.boot/spring-boot/3.2.4/ccb7cbb30dcf1d91dbbf20a3219a457eead46601/spring-boot-3.2.4.jar:/Users/miyabi/.gradle/caches/modules-2/files-2.1/org.thymeleaf/thymeleaf-spring6/3.1.2.RELEASE/6030c7b4e260c41336f378e53da6e8531263f24b/thymeleaf-spring6-3.1.2.RELEASE.jar:/Users/miyabi/.gradle/caches/modules-2/files-2.1/org.springframework/spring-webmvc/6.1.5/92809fce136e0b662dc9325529443386ba5ec2c6/spring-webmvc-6.1.5.jar:/Users/miyabi/.gradle/caches/modules-2/files-2.1/org.springframework.security/spring-security-web/6.2.3/d560c082805438b749e4e9267916ca7f1f0a430d/spring-security-web-6.2.3.jar:/Users/miyabi/.gradle/caches/modules-2/files-2.1/org.springframework/spring-web/6.1.5/4f4e92cc52ee33260f1ee0cdc7b7a2f22d49708c/spring-web-6.1.5.jar:/Users/miyabi/.gradle/caches/modules-2/files-2.1/org.hibernate.orm/hibernate-core/6.4.4.Final/5c9decb3c5a70bf7801d41fc32633416c26be069/hibernate-core-6.4.4.Final.jar:/Users/miyabi/.gradle/caches/modules-2/files-2.1/org.springframework.data/spring-data-jpa/3.2.4/1932f90c487999575b57ad41986de96c8ebf5843/spring-data-jpa-3.2.4.jar:/Users/miyabi/.gradle/caches/modules-2/files-2.1/org.springframework/spring-aspects/6.1.5/202d9da55e24fec2eda80bbc3cd87fbefc0e1256/spring-aspects-6.1.5.jar:/Users/miyabi/.gradle/caches/modules-2/files-2.1/org.apache.tomcat.embed/tomcat-embed-el/10.1.19/c61a582c391aca130884a5421deedfe1a96c7415/tomcat-embed-el-10.1.19.jar:/Users/miyabi/.gradle/caches/modules-2/files-2.1/org.hibernate.validator/hibernate-validator/8.0.1.Final/e49e116b3d3928060599b176b3538bb848718e95/hibernate-validator-8.0.1.Final.jar:/Users/miyabi/.gradle/caches/modules-2/files-2.1/com.fasterxml.jackson.datatype/jackson-datatype-jdk8/2.15.4/694777f182334a21bf1aeab1b04cc4398c801f3f/jackson-datatype-jdk8-2.15.4.jar:/Users/miyabi/.gradle/caches/modules-2/files-2.1/com.fasterxml.jackson.datatype/jackson-datatype-jsr310/2.15.4/7de629770a4559db57128d35ccae7d2fddd35db3/jackson-datatype-jsr310-2.15.4.jar:/Users/miyabi/.gradle/caches/modules-2/files-2.1/com.fasterxml.jackson.module/jackson-module-parameter-names/2.15.4/e654497a08359db2521b69b5f710e00836915d8c/jackson-module-parameter-names-2.15.4.jar:/Users/miyabi/.gradle/caches/modules-2/files-2.1/com.fasterxml.jackson.core/jackson-databind/2.15.4/560309fc381f77d4d15c4a4cdaa0db5025c4fd13/jackson-databind-2.15.4.jar:/Users/miyabi/.gradle/caches/modules-2/files-2.1/com.fasterxml.jackson.core/jackson-core/2.15.4/aebe84b45360debad94f692a4074c6aceb535fa0/jackson-core-2.15.4.jar:/Users/miyabi/.gradle/caches/modules-2/files-2.1/com.fasterxml.jackson.core/jackson-annotations/2.15.4/5223ea5a9bf52cdc9c5e537a0e52f2432eaf208b/jackson-annotations-2.15.4.jar:/Users/miyabi/.gradle/caches/modules-2/files-2.1/com.fasterxml.jackson.dataformat/jackson-dataformat-toml/2.15.4/4dde0126d9484603cd1b98e9654827697e16fce/jackson-dataformat-toml-2.15.4.jar:/Users/miyabi/.gradle/caches/modules-2/files-2.1/com.google.code.gson/gson/2.10.1/b3add478d4382b78ea20b1671390a858002feb6c/gson-2.10.1.jar:/Users/miyabi/.gradle/caches/modules-2/files-2.1/org.mybatis/mybatis/3.5.14/d94d2267d1caf1c31748123e671dcea5ad1a6f8/mybatis-3.5.14.jar:/Users/miyabi/.gradle/caches/modules-2/files-2.1/org.mybatis/mybatis-spring/3.0.3/5a4ab31bfb62bca615b39ade93de2a607e9b9403/mybatis-spring-3.0.3.jar:/Users/miyabi/.gradle/caches/modules-2/files-2.1/org.springframework.security/spring-security-config/6.2.3/281d0393358b963147b5499789ad211f7362d460/spring-security-config-6.2.3.jar:/Users/miyabi/.gradle/caches/modules-2/files-2.1/org.springframework.security/spring-security-core/6.2.3/52f2751381dcfad2c8cd2bfb4c7ca7b1adf2ea5e/spring-security-core-6.2.3.jar:/Users/miyabi/.gradle/caches/modules-2/files-2.1/org.springframework/spring-context/6.1.5/735d1bd7372d7c53e7b31b4a9c980ce2e0b26424/spring-context-6.1.5.jar:/Users/miyabi/.gradle/caches/modules-2/files-2.1/org.springframework/spring-aop/6.1.5/a4f596bd3c55b6cec93f0e2e7245dd0bab8afec3/spring-aop-6.1.5.jar:/Users/miyabi/.gradle/caches/modules-2/files-2.1/org.checkerframework/checker-qual/3.31.0/eeefd4af42e2f4221d145c1791582f91868f99ab/checker-qual-3.31.0.jar:/Users/miyabi/.gradle/caches/modules-2/files-2.1/org.springframework/spring-orm/6.1.5/d2dc2b996680fcc8ae5aea294f0ce6bda5577c7c/spring-orm-6.1.5.jar:/Users/miyabi/.gradle/caches/modules-2/files-2.1/org.springframework/spring-jdbc/6.1.5/e8617dcddd3377c809b3e62c325fcb923163cb20/spring-jdbc-6.1.5.jar:/Users/miyabi/.gradle/caches/modules-2/files-2.1/org.springframework.data/spring-data-commons/3.2.4/c934470822afb9f0751915b229d6fe28ff5e1ac2/spring-data-commons-3.2.4.jar:/Users/miyabi/.gradle/caches/modules-2/files-2.1/org.springframework/spring-tx/6.1.5/90e95f4c3e30f9ecaef6ba53186ed21afebba618/spring-tx-6.1.5.jar:/Users/miyabi/.gradle/caches/modules-2/files-2.1/org.springframework/spring-beans/6.1.5/9ae967f467281c9bb977585ef4d5ea7351704d60/spring-beans-6.1.5.jar:/Users/miyabi/.gradle/caches/modules-2/files-2.1/org.springframework/spring-expression/6.1.5/7e21cb1c6bbef1509e12d485b75ffc61278d9fa7/spring-expression-6.1.5.jar:/Users/miyabi/.gradle/caches/modules-2/files-2.1/org.springframework/spring-core/6.1.5/6dae1b06ffacbb9abab636be2dbc6acd3b6e5d68/spring-core-6.1.5.jar:/Users/miyabi/.gradle/caches/modules-2/files-2.1/jakarta.annotation/jakarta.annotation-api/2.1.1/48b9bda22b091b1f48b13af03fe36db3be6e1ae3/jakarta.annotation-api-2.1.1.jar:/Users/miyabi/.gradle/caches/modules-2/files-2.1/org.yaml/snakeyaml/2.2/3af797a25458550a16bf89acc8e4ab2b7f2bfce0/snakeyaml-2.2.jar:/Users/miyabi/.gradle/caches/modules-2/files-2.1/org.thymeleaf/thymeleaf/3.1.2.RELEASE/273997509a4c7aef86cee0521750140c587d9be2/thymeleaf-3.1.2.RELEASE.jar:/Users/miyabi/.gradle/caches/modules-2/files-2.1/com.zaxxer/HikariCP/5.0.1/a74c7f0a37046846e88d54f7cb6ea6d565c65f9c/HikariCP-5.0.1.jar:/Users/miyabi/.gradle/caches/modules-2/files-2.1/ch.qos.logback/logback-classic/1.4.14/d98bc162275134cdf1518774da4a2a17ef6fb94d/logback-classic-1.4.14.jar:/Users/miyabi/.gradle/caches/modules-2/files-2.1/org.apache.logging.log4j/log4j-to-slf4j/2.21.1/d77b2ba81711ed596cd797cc2b5b5bd7409d841c/log4j-to-slf4j-2.21.1.jar:/Users/miyabi/.gradle/caches/modules-2/files-2.1/org.slf4j/jul-to-slf4j/2.0.12/eb5f48f782b41cc881b0bf1fb4d88ae2ff6d5b93/jul-to-slf4j-2.0.12.jar:/Users/miyabi/.gradle/caches/modules-2/files-2.1/org.slf4j/slf4j-api/2.0.12/48f109a2a6d8f446c794f3e3fa0d86df0cdfa312/slf4j-api-2.0.12.jar:/Users/miyabi/.gradle/caches/modules-2/files-2.1/org.apache.tomcat.embed/tomcat-embed-websocket/10.1.19/adf4710fac2471236f8a466ca678cdf7e6a8257c/tomcat-embed-websocket-10.1.19.jar:/Users/miyabi/.gradle/caches/modules-2/files-2.1/org.apache.tomcat.embed/tomcat-embed-core/10.1.19/3dbbca8acbd4dd6a137c3d6f934a2931512b42ce/tomcat-embed-core-10.1.19.jar:/Users/miyabi/.gradle/caches/modules-2/files-2.1/io.micrometer/micrometer-observation/1.12.4/492deebbd9b8ab23f588428f66578e21af266e01/micrometer-observation-1.12.4.jar:/Users/miyabi/.gradle/caches/modules-2/files-2.1/org.aspectj/aspectjweaver/1.9.21/beaabaea95c7f3330f415c72ee0ffe79b51d172f/aspectjweaver-1.9.21.jar:/Users/miyabi/.gradle/caches/modules-2/files-2.1/jakarta.persistence/jakarta.persistence-api/3.1.0/66901fa1c373c6aff65c13791cc11da72060a8d6/jakarta.persistence-api-3.1.0.jar:/Users/miyabi/.gradle/caches/modules-2/files-2.1/jakarta.transaction/jakarta.transaction-api/2.0.1/51a520e3fae406abb84e2e1148e6746ce3f80a1a/jakarta.transaction-api-2.0.1.jar:/Users/miyabi/.gradle/caches/modules-2/files-2.1/org.jboss.logging/jboss-logging/3.5.3.Final/c88fc1d8a96d4c3491f55d4317458ccad53ca663/jboss-logging-3.5.3.Final.jar:/Users/miyabi/.gradle/caches/modules-2/files-2.1/org.hibernate.common/hibernate-commons-annotations/6.0.6.Final/77a5f94b56d49508e0ee334751db5b78e5ccd50c/hibernate-commons-annotations-6.0.6.Final.jar:/Users/miyabi/.gradle/caches/modules-2/files-2.1/io.smallrye/jandex/3.1.2/a6c1c89925c7df06242b03dddb353116ceb9584c/jandex-3.1.2.jar:/Users/miyabi/.gradle/caches/modules-2/files-2.1/com.fasterxml/classmate/1.6.0/91affab6f84a2182fce5dd72a8d01bc14346dddd/classmate-1.6.0.jar:/Users/miyabi/.gradle/caches/modules-2/files-2.1/net.bytebuddy/byte-buddy/1.14.12/6e37f743dc15a8d7a4feb3eb0025cbc612d5b9e1/byte-buddy-1.14.12.jar:/Users/miyabi/.gradle/caches/modules-2/files-2.1/org.glassfish.jaxb/jaxb-runtime/4.0.5/ca84c2a7169b5293e232b9d00d1e4e36d4c3914a/jaxb-runtime-4.0.5.jar:/Users/miyabi/.gradle/caches/modules-2/files-2.1/org.glassfish.jaxb/jaxb-core/4.0.5/7b4b11ea5542eea4ad55e1080b23be436795b3/jaxb-core-4.0.5.jar:/Users/miyabi/.gradle/caches/modules-2/files-2.1/jakarta.xml.bind/jakarta.xml.bind-api/4.0.2/6cd5a999b834b63238005b7144136379dc36cad2/jakarta.xml.bind-api-4.0.2.jar:/Users/miyabi/.gradle/caches/modules-2/files-2.1/jakarta.inject/jakarta.inject-api/2.0.1/4c28afe1991a941d7702fe1362c365f0a8641d1e/jakarta.inject-api-2.0.1.jar:/Users/miyabi/.gradle/caches/modules-2/files-2.1/org.antlr/antlr4-runtime/4.13.0/5a02e48521624faaf5ff4d99afc88b01686af655/antlr4-runtime-4.13.0.jar:/Users/miyabi/.gradle/caches/modules-2/files-2.1/jakarta.validation/jakarta.validation-api/3.0.2/92b6631659ba35ca09e44874d3eb936edfeee532/jakarta.validation-api-3.0.2.jar:/Users/miyabi/.gradle/caches/modules-2/files-2.1/org.springframework/spring-jcl/6.1.5/896ae3519327731589c6e77521656b50ae32d5b3/spring-jcl-6.1.5.jar:/Users/miyabi/.gradle/caches/modules-2/files-2.1/org.attoparser/attoparser/2.0.7.RELEASE/e5d0e988d9124139d645bb5872b24dfa23e283cc/attoparser-2.0.7.RELEASE.jar:/Users/miyabi/.gradle/caches/modules-2/files-2.1/org.unbescape/unbescape/1.1.6.RELEASE/7b90360afb2b860e09e8347112800d12c12b2a13/unbescape-1.1.6.RELEASE.jar:/Users/miyabi/.gradle/caches/modules-2/files-2.1/io.micrometer/micrometer-commons/1.12.4/a57f10c78956b38087f97beae66cf14cb8b08d34/micrometer-commons-1.12.4.jar:/Users/miyabi/.gradle/caches/modules-2/files-2.1/org.eclipse.angus/angus-activation/2.0.2/41f1e0ddd157c856926ed149ab837d110955a9fc/angus-activation-2.0.2.jar:/Users/miyabi/.gradle/caches/modules-2/files-2.1/jakarta.activation/jakarta.activation-api/2.1.3/fa165bd70cda600368eee31555222776a46b881f/jakarta.activation-api-2.1.3.jar:/Users/miyabi/.gradle/caches/modules-2/files-2.1/org.springframework.security/spring-security-crypto/6.2.3/dbe4e299636951e00f18223a1794806d75000e7d/spring-security-crypto-6.2.3.jar:/Users/miyabi/.gradle/caches/modules-2/files-2.1/ch.qos.logback/logback-core/1.4.14/4d3c2248219ac0effeb380ed4c5280a80bf395e8/logback-core-1.4.14.jar:/Users/miyabi/.gradle/caches/modules-2/files-2.1/org.apache.logging.log4j/log4j-api/2.21.1/74c65e87b9ce1694a01524e192d7be989ba70486/log4j-api-2.21.1.jar:/Users/miyabi/.gradle/caches/modules-2/files-2.1/org.glassfish.jaxb/txw2/4.0.5/f36a4ef12120a9bb06d766d6a0e54b144fd7ed98/txw2-4.0.5.jar:/Users/miyabi/.gradle/caches/modules-2/files-2.1/com.sun.istack/istack-commons-runtime/4.1.2/18ec117c85f3ba0ac65409136afa8e42bc74e739/istack-commons-runtime-4.1.2.jar com.spring.springbootapplication.SpringbootApplication
Successfully started process 'command '/Users/miyabi/.sdkman/candidates/java/17.0.10-tem/bin/java''

  .   ____          _            __ _ _
 /\\ / ___'_ __ _ _(_)_ __  __ _ \ \ \ \
( ( )\___ | '_ | '_| | '_ \/ _` | \ \ \ \
 \\/  ___)| |_)| | | | | || (_| |  ) ) ) )
  '  |____| .__|_| |_|_| |_\__, | / / / /
 =========|_|==============|___/=/_/_/_/
 :: Spring Boot ::                (v3.2.4)

2025-09-13T16:20:47.313+09:00  INFO 93060 --- [  restartedMain] c.s.s.SpringbootApplication              : Starting SpringbootApplication using Java 17.0.10 with PID 93060 (/Users/miyabi/academy-springboot-base/build/classes/java/main started by miyabi in /Users/miyabi/academy-springboot-base)
2025-09-13T16:20:47.314+09:00  INFO 93060 --- [  restartedMain] c.s.s.SpringbootApplication              : The following 1 profile is active: "dev"
2025-09-13T16:20:47.327+09:00  INFO 93060 --- [  restartedMain] .e.DevToolsPropertyDefaultsPostProcessor : Devtools property defaults active! Set 'spring.devtools.add-properties' to 'false' to disable
2025-09-13T16:20:47.327+09:00  INFO 93060 --- [  restartedMain] .e.DevToolsPropertyDefaultsPostProcessor : For additional web related logging consider setting the 'logging.level.web' property to 'DEBUG'
2025-09-13T16:20:47.550+09:00  INFO 93060 --- [  restartedMain] .s.d.r.c.RepositoryConfigurationDelegate : Bootstrapping Spring Data JPA repositories in DEFAULT mode.
2025-09-13T16:20:47.566+09:00  INFO 93060 --- [  restartedMain] .s.d.r.c.RepositoryConfigurationDelegate : Finished Spring Data repository scanning in 13 ms. Found 3 JPA repository interfaces.
2025-09-13T16:20:47.611+09:00  WARN 93060 --- [  restartedMain] o.m.s.mapper.ClassPathMapperScanner      : No MyBatis mapper was found in '[com.spring.springbootapplication]' package. Please check your configuration.
2025-09-13T16:20:47.771+09:00  INFO 93060 --- [  restartedMain] o.s.b.w.embedded.tomcat.TomcatWebServer  : Tomcat initialized with port 8080 (http)
2025-09-13T16:20:47.775+09:00  INFO 93060 --- [  restartedMain] o.apache.catalina.core.StandardService   : Starting service [Tomcat]
2025-09-13T16:20:47.775+09:00  INFO 93060 --- [  restartedMain] o.apache.catalina.core.StandardEngine    : Starting Servlet engine: [Apache Tomcat/10.1.19]
2025-09-13T16:20:47.790+09:00  INFO 93060 --- [  restartedMain] o.a.c.c.C.[Tomcat].[localhost].[/]       : Initializing Spring embedded WebApplicationContext
2025-09-13T16:20:47.790+09:00  INFO 93060 --- [  restartedMain] w.s.c.ServletWebServerApplicationContext : Root WebApplicationContext: initialization completed in 463 ms
2025-09-13T16:20:47.841+09:00  INFO 93060 --- [  restartedMain] com.zaxxer.hikari.HikariDataSource       : HikariPool-1 - Starting...
2025-09-13T16:20:47.884+09:00  INFO 93060 --- [  restartedMain] com.zaxxer.hikari.pool.HikariPool        : HikariPool-1 - Added connection org.postgresql.jdbc.PgConnection@ceede76
2025-09-13T16:20:47.885+09:00  INFO 93060 --- [  restartedMain] com.zaxxer.hikari.HikariDataSource       : HikariPool-1 - Start completed.
2025-09-13T16:20:47.903+09:00  INFO 93060 --- [  restartedMain] o.hibernate.jpa.internal.util.LogHelper  : HHH000204: Processing PersistenceUnitInfo [name: default]
2025-09-13T16:20:47.961+09:00  INFO 93060 --- [  restartedMain] org.hibernate.Version                    : HHH000412: Hibernate ORM core version 6.4.4.Final
2025-09-13T16:20:47.978+09:00  INFO 93060 --- [  restartedMain] o.h.c.internal.RegionFactoryInitiator    : HHH000026: Second-level cache disabled
2025-09-13T16:20:48.054+09:00  INFO 93060 --- [  restartedMain] o.s.o.j.p.SpringPersistenceUnitInfo      : No LoadTimeWeaver setup: ignoring JPA class transformer
2025-09-13T16:20:48.078+09:00  WARN 93060 --- [  restartedMain] org.hibernate.orm.deprecation            : HHH90000025: PostgreSQLDialect does not need to be specified explicitly using 'hibernate.dialect' (remove the property setting and it will be selected by default)
2025-09-13T16:20:48.369+09:00  INFO 93060 --- [  restartedMain] o.h.e.t.j.p.i.JtaPlatformInitiator       : HHH000489: No JTA platform available (set 'hibernate.transaction.jta.platform' to enable JTA platform integration)
2025-09-13T16:20:48.370+09:00  INFO 93060 --- [  restartedMain] j.LocalContainerEntityManagerFactoryBean : Initialized JPA EntityManagerFactory for persistence unit 'default'
2025-09-13T16:20:48.527+09:00  WARN 93060 --- [  restartedMain] JpaBaseConfiguration$JpaWebConfiguration : spring.jpa.open-in-view is enabled by default. Therefore, database queries may be performed during view rendering. Explicitly configure spring.jpa.open-in-view to disable this warning
2025-09-13T16:20:48.611+09:00  INFO 93060 --- [  restartedMain] o.s.s.web.DefaultSecurityFilterChain     : Will secure any request with [org.springframework.security.web.session.DisableEncodeUrlFilter@4e57fd38, org.springframework.security.web.context.request.async.WebAsyncManagerIntegrationFilter@5607e354, org.springframework.security.web.context.SecurityContextHolderFilter@11d81cd, org.springframework.security.web.header.HeaderWriterFilter@1c02ef5f, org.springframework.web.filter.CorsFilter@696fb39d, org.springframework.security.web.csrf.CsrfFilter@7243a82d, org.springframework.security.web.authentication.logout.LogoutFilter@1ef06173, org.springframework.security.web.authentication.UsernamePasswordAuthenticationFilter@42bfbd14, org.springframework.security.web.savedrequest.RequestCacheAwareFilter@206e5255, org.springframework.security.web.servletapi.SecurityContextHolderAwareRequestFilter@79dcb52f, org.springframework.security.web.authentication.AnonymousAuthenticationFilter@47e08bce, org.springframework.security.web.session.SessionManagementFilter@2769f909, org.springframework.security.web.access.ExceptionTranslationFilter@306c8380, org.springframework.security.web.access.intercept.AuthorizationFilter@207707e9]
2025-09-13T16:20:48.705+09:00  INFO 93060 --- [  restartedMain] o.s.b.d.a.OptionalLiveReloadServer       : LiveReload server is running on port 35729
2025-09-13T16:20:48.716+09:00  INFO 93060 --- [  restartedMain] o.s.b.w.embedded.tomcat.TomcatWebServer  : Tomcat started on port 8080 (http) with context path ''
2025-09-13T16:20:48.720+09:00  INFO 93060 --- [  restartedMain] c.s.s.SpringbootApplication              : Started SpringbootApplication in 1.517 seconds (process running for 1.666)
2025-09-13T16:21:45.317+09:00  INFO 93060 --- [nio-8080-exec-1] o.a.c.c.C.[Tomcat].[localhost].[/]       : Initializing Spring DispatcherServlet 'dispatcherServlet'
2025-09-13T16:21:45.317+09:00  INFO 93060 --- [nio-8080-exec-1] o.s.web.servlet.DispatcherServlet        : Initializing Servlet 'dispatcherServlet'
2025-09-13T16:21:45.318+09:00  INFO 93060 --- [nio-8080-exec-1] o.s.web.servlet.DispatcherServlet        : Completed initialization in 1 ms
2025-09-13T16:21:45.326+09:00 DEBUG 93060 --- [nio-8080-exec-1] o.s.security.web.FilterChainProxy        : Securing GET /skills/update
2025-09-13T16:21:45.329+09:00 DEBUG 93060 --- [nio-8080-exec-1] w.c.HttpSessionSecurityContextRepository : Retrieved SecurityContextImpl [Authentication=UsernamePasswordAuthenticationToken [Principal=org.springframework.security.core.userdetails.User [Username=111@111, Password=[PROTECTED], Enabled=true, AccountNonExpired=true, CredentialsNonExpired=true, AccountNonLocked=true, Granted Authorities=[ROLE_USER]], Credentials=[PROTECTED], Authenticated=true, Details=WebAuthenticationDetails [RemoteIpAddress=0:0:0:0:0:0:0:1, SessionId=F1598F6B39B1A0661DB815FFB69C0045], Granted Authorities=[ROLE_USER]]]
2025-09-13T16:21:45.329+09:00 DEBUG 93060 --- [nio-8080-exec-1] o.s.security.web.FilterChainProxy        : Secured GET /skills/update
2025-09-13T16:21:45.332+09:00  WARN 93060 --- [nio-8080-exec-1] .w.s.m.s.DefaultHandlerExceptionResolver : Resolved [org.springframework.web.HttpRequestMethodNotSupportedException: Request method 'GET' is not supported]
2025-09-13T16:21:45.336+09:00 DEBUG 93060 --- [nio-8080-exec-1] o.s.security.web.FilterChainProxy        : Securing GET /error
2025-09-13T16:21:45.337+09:00 DEBUG 93060 --- [nio-8080-exec-1] o.s.security.web.FilterChainProxy        : Secured GET /error
2025-09-13T16:21:45.350+09:00 DEBUG 93060 --- [nio-8080-exec-1] w.c.HttpSessionSecurityContextRepository : Retrieved SecurityContextImpl [Authentication=UsernamePasswordAuthenticationToken [Principal=org.springframework.security.core.userdetails.User [Username=111@111, Password=[PROTECTED], Enabled=true, AccountNonExpired=true, CredentialsNonExpired=true, AccountNonLocked=true, Granted Authorities=[ROLE_USER]], Credentials=[PROTECTED], Authenticated=true, Details=WebAuthenticationDetails [RemoteIpAddress=0:0:0:0:0:0:0:1, SessionId=F1598F6B39B1A0661DB815FFB69C0045], Granted Authorities=[ROLE_USER]]]
2025-09-13T16:26:55.864+09:00  WARN 93060 --- [l-1 housekeeper] com.zaxxer.hikari.pool.HikariPool        : HikariPool-1 - Thread starvation or clock leap detected (housekeeper delta=2m7s842ms).
2025-09-13T16:28:51.802+09:00  WARN 93060 --- [l-1 housekeeper] com.zaxxer.hikari.pool.HikariPool        : HikariPool-1 - Thread starvation or clock leap detected (housekeeper delta=1m25s932ms).
